
Usage:	docker scan [OPTIONS] IMAGE

A tool to scan your images

Options:
      --accept-license    Accept using a third party scanning provider
      --dependency-tree   Show dependency tree with scan results
      --exclude-base      Exclude base image from vulnerability scanning
                          (requires --file)
      --fail-on string    Only fail when there are vulnerabilities that
                          can be fixed (all|upgradable|patchable)
  -f, --file string       Dockerfile associated with image, provides more
                          detailed results
      --json              Output results in JSON format
      --login             Authenticate to the scan provider using an
                          optional token (with --token), or web base
                          token if empty
      --reject-license    Reject using a third party scanning provider
      --severity string   Only report vulnerabilities of provided level
                          or higher (low|medium|high)
      --token string      Authentication token to login to the third
                          party scanning provider
      --version           Display version of the scan plugin
