
Usage:	docker scan [OPTIONS] IMAGE

A tool to scan your docker image

Options:
      --accept-license    Accept to using a third party scanning provider
      --auth              Authenticate to the scan provider using an
                          optional token, or web base token if empty
      --dependency-tree   Show dependency tree before scan results
      --exclude-base      Exclude base image from vulnerability scanning
                          (needs to provide a Dockerfile using --file)
  -f, --file string       Provide the Dockerfile for better scan results
      --json              Display results with JSON format
      --reject-license    Reject to using a third party scanning provider
      --version           Display version of scan plugin
