
Usage:	docker scan [OPTIONS] IMAGE

A tool to scan your docker image

Options:
      --auth              Authenticate to the scan provider using an
                          optional token, or web base token if empty
      --dependency-tree   Show dependency tree before scan results
      --disable           Refuse user consent
      --enable            Accept user consent
      --exclude-base      Exclude base image from vulnerabiliy scanning
                          (needs to provide a Dockerfile using --file)
  -f, --file string       Provide the Dockerfile for better scan results
      --json              Display results with JSON format
      --version           Display version of scan plugin
